#
# Libraries and programs to support a basic Plasma5 installation:
#
LibRaw
PyQt5
QScintilla
QtAV
accountsservice
bison
cdparanoia
cfitsio
cryfs
cryptopp
djvulibre
dotconf
dvdauthor
ebook-tools
exiv2
flex
font-bh-ttf
font-bitstream-type1
font-xfree86-type1
frei0r-plugins
gcc
gcc-g++
gcc-gfortran
gccmakedep
ghostscript
ghostscript-fonts-std
glibc
gmp
gobject-introspection
gpgme
gpm
grantlee
groff
gtkmm2
guile
hack-fonts-ttf
hyphen
id3lib
intltool
json-glib
kdsoap
libXcm
libappindicator
libburn
libdbusmenu
libdbusmenu-qt
libdmtx
liberation-fonts-ttf
libid3tag
libindicator
libmpc
libnice
liboggz
libqalculate
libraw1394
libsass
libspectre
libva-utils
libvncserver
libyaml
lilo
llvm
lmdb
make
mariadb
mlt
mpfr
noto-fonts-ttf
opencv
opus-tools
opusfile
phonon
phonon-backend-gstreamer
phonon-vlc
pipewire
polkit
polkit-qt-1
poppler
python-six
pyxdg
qca
qrencode
qt5
qt5-webkit
qtkeychain
rttr
ruby
sane
sazanami-fonts-ttf
sip
sox
ssr
taglib
taglib-extras
vid.stab
vim
vim-gvim
vulkan-sdk
woff2
xcb-util-cursor
xcb-util-errors
xcb-util-image
xcb-util-renderutil
xcb-util-wm
xcm
xconsole
xdg-user-dirs
xedit
xine-lib
xpdf
xsane
